Script started on 2026-09-19 16:12:34+00:00 [<not executed on terminal>]
laysim for GR740 Quad Core Processor CLI v3.0 by layright

CORE#0 RAM file is loaded - /workspace/experiments/chaser/rtems/s1/build/evaluation-v1/packed_8/build/workload.exe
   - .text, addr: 0x00000000, size 154592 bytes
   - .tdata, addr: 0x00025BE0, size 12 bytes
   - .tbss, addr: 0x00025BEC, size 28 bytes (not loaded, just info.)
   - .rtemsroset, addr: 0x00025BF0, size 128 bytes
   - .noinit, addr: 0x00025C70, size 8320 bytes (not loaded, just info.)
   - .rtemsstack, addr: 0x00027D00/0x00025C70, size 16384 bytes (not loaded, just info.)
   - .data, addr: 0x0002BD00, size 1296 bytes
   - .bss, addr: 0x0002D000, size 5760 bytes (not loaded, just info.)
   - Detect RTEMS v5.1(SMP) with thread information
Only GR740 CORE#0 RAM file is loaded, starts from RAM
Set CORE#0 %sp/%fp : 0x07FFFFF0/0x08000000
Waking CPU 1
Waking CPU 2
Waking CPU 3
S1 checksum=24 expected=24 PASS

[ RTEMS shutdown ]
CPU: 3
RTEMS version: 6.0.0.0a46769ba42d3476b0f37a85db49b3276658d293
RTEMS tools: 13.3.0 20240521 (RTEMS 6, RSB b1aec32059aa0e86385ff75ec01daf93713fa382-modified, Newlib 1b3dcfd)
executing thread ID: 0x0a010001
executing thread name: UI1 

CORE#3 halts because of Error Mode [22226974cycles/0.662688sec]

 Performance statistics for CORE#0
   Cycles       : 22227028
   Instructions : 1814379
   Overall CPI  : 1.55
   CORE#0 performance (250MHz) : 161.04 MOPS (161.04 MIPS, 0.00 MFLOPS)
   Simulated time              : 88.91 ms
   Processor utilization       : 12.67 %

 Performance statistics for CORE#1
   Cycles       : 22227062
   Instructions : 1126823
   Overall CPI  : 2.50
   CORE#1 performance (250MHz) : 99.95 MOPS (99.95 MIPS, 0.00 MFLOPS)
   Simulated time              : 88.91 ms
   Processor utilization       : 12.68 %

 Performance statistics for CORE#2
   Cycles       : 22227048
   Instructions : 595902
   Overall CPI  : 4.73
   CORE#2 performance (250MHz) : 52.86 MOPS (52.86 MIPS, 0.00 MFLOPS)
   Simulated time              : 88.91 ms
   Processor utilization       : 12.68 %

 Performance statistics for CORE#3
   Cycles       : 22226974
   Instructions : 12984496
   Overall CPI  : 1.71
   CORE#3 performance (250MHz) : 146.04 MOPS (146.04 MIPS, 0.00 MFLOPS)
   Simulated time              : 88.91 ms
   Processor utilization       : 100.00 %

 Performance of laysim-gr740
   Real-time performance       : 13.42 %
   laysim-gr740 performance    : 24.93 MIPS
   Wall clock                  : 0.66 s

Script done on 2026-09-19 16:12:34+00:00 [COMMAND_EXIT_CODE="0"]
