Script started on 2026-09-15 12:55:36+00:00 [<not executed on terminal>]
laysim for GR740 Quad Core Processor CLI v3.0 by layright

CORE#0 RAM file is loaded - rtems/baseline/build/conflict.exe
   - .text, addr: 0x00000000, size 154992 bytes
   - .tdata, addr: 0x00025D70, size 12 bytes
   - .tbss, addr: 0x00025D7C, size 28 bytes (not loaded, just info.)
   - .rtemsroset, addr: 0x00025D80, size 128 bytes
   - .noinit, addr: 0x00025E00, size 8320 bytes (not loaded, just info.)
   - .rtemsstack, addr: 0x00027E80/0x00025E00, size 16384 bytes (not loaded, just info.)
   - .data, addr: 0x0002BE80, size 1296 bytes
   - .bss, addr: 0x0002D000, size 38512 bytes (not loaded, just info.)
   - Detect RTEMS v5.1(SMP) with thread information
Only GR740 CORE#0 RAM file is loaded, starts from RAM
Set CORE#0 %sp/%fp : 0x07FFFFF0/0x08000000
Waking CPU 1
Waking CPU 2
Waking CPU 3
CHASER START sweeps=65537 distinct=8 cpus=4
RESULT,case=conflict,elapsed_ns=89546204
CHASER PASS

[ RTEMS shutdown ]
CPU: 3
RTEMS version: 6.0.0.0a46769ba42d3476b0f37a85db49b3276658d293
RTEMS tools: 13.3.0 20240521 (RTEMS 6, RSB b1aec32059aa0e86385ff75ec01daf93713fa382-modified, Newlib 1b3dcfd)
executing thread ID: 0x0a010001
executing thread name: UI1 

CORE#3 halts because of Error Mode [48980876cycles/1.38728sec]

 Performance statistics for CORE#0
   Cycles       : 48980943
   Instructions : 1897985
   Overall CPI  : 1.58
   CORE#0 performance (250MHz) : 158.68 MOPS (158.68 MIPS, 0.00 MFLOPS)
   Simulated time              : 195.92 ms
   Processor utilization       : 6.10 %

 Performance statistics for CORE#1
   Cycles       : 48980926
   Instructions : 1156705
   Overall CPI  : 2.54
   CORE#1 performance (250MHz) : 98.51 MOPS (98.51 MIPS, 0.00 MFLOPS)
   Simulated time              : 195.92 ms
   Processor utilization       : 5.99 %

 Performance statistics for CORE#2
   Cycles       : 48980907
   Instructions : 625945
   Overall CPI  : 4.69
   CORE#2 performance (250MHz) : 53.31 MOPS (53.31 MIPS, 0.00 MFLOPS)
   Simulated time              : 195.92 ms
   Processor utilization       : 5.99 %

 Performance statistics for CORE#3
   Cycles       : 48980876
   Instructions : 27994507
   Overall CPI  : 1.75
   CORE#3 performance (250MHz) : 142.88 MOPS (142.88 MIPS, 0.00 MFLOPS)
   Simulated time              : 195.92 ms
   Processor utilization       : 100.00 %

 Performance of laysim-gr740
   Real-time performance       : 14.12 %
   laysim-gr740 performance    : 22.83 MIPS
   Wall clock                  : 1.39 s

Script done on 2026-09-15 12:55:38+00:00 [COMMAND_EXIT_CODE="0"]
