-- Found LLVM 14.0.0
-- LLVM_DIR: /usr/lib/llvm-14/cmake
-- Configuring done
-- Generating done
-- Build files have been written to: /workspace/experiments/chaser/rtems/baseline/build/yarda
Consolidate compiler generated dependencies of target MapBuilders
[100%] Built target MapBuilders
Consolidate compiler generated dependencies of target MemoryAccessPatterns
[100%] Built target MemoryAccessPatterns
Consolidate compiler generated dependencies of target yarda_elf_regions
[  6%] Built target yarda_elf_regions
[  6%] Built target yarda_cli_version
Consolidate compiler generated dependencies of target yarda_backend
[ 51%] Built target yarda_backend
Consolidate compiler generated dependencies of target yarda_cache_config
[ 55%] Built target yarda_cache_config
Consolidate compiler generated dependencies of target yarda_hierarchy_analysis
[ 89%] Built target yarda_hierarchy_analysis
Consolidate compiler generated dependencies of target yarda_cli_support
[ 96%] Built target yarda_cli_support
Consolidate compiler generated dependencies of target yarda_cpp
[100%] Built target yarda_cpp
make: Entering directory '/workspace/experiments/chaser/rtems/baseline'
make: Nothing to be done for 'all'.
/workspace/experiments/chaser/rtems/baseline/build/yarda/backend/yarda_cpp build/workload_ape.json --mode unroll --granularity element --max-cumulative-loop-iterations 2000000 --export ../../exports/element.rdh.json
      RD       count
  ------  ----------
  0	1572888
  7	1572864
  total	3145752
  cold misses: 24
/workspace/experiments/chaser/rtems/baseline/build/yarda/backend/yarda_cpp build/workload_ape.json --mode unroll --granularity cache-line --cache cache.yaml --max-cumulative-loop-iterations 2000000 --export ../../exports/line.rdh.json
      RD       count
  ------  ----------
  0	2097183
  7	1048576
  total	3145759
  cold misses: 17
make: Nothing to be done for 'hierarchy'.
make: Leaving directory '/workspace/experiments/chaser/rtems/baseline'
........................................................................ [ 25%]
........................................................................ [ 50%]
........................................................................ [ 76%]
...................................................................      [100%]
283 passed in 47.79s
